// Jest Snapshot v1, https://goo.gl/fbAQLP

exports[`PhotoCard should match snapshot 1`] = `
<div
  class="ScreenWarningstyled__ScreenWarning-sc-1v9tbg9-0 zmBAE"
>
  <div
    class="emoji"
  />
  children
</div>
`;
